4.9297 	INFO 	Loaded monitor calibration from ['2026_08_23 20:49']
5.1794 	INFO 	Using renderer 'Intel(R) UHD Graphics' for graphics
5.1795 	INFO 	OpenGL version supported by driver is 4..
5.2321 	EXP 	Created window1 = Window(allowGUI=True, allowStencil=False, autoLog=True, backendConf=UNKNOWN, backgroundFit=<method-wrapper '__getattribute__' of attributeSetter object at 0x000001FA6A9D24A0>, backgroundImage=<method-wrapper '__getattribute__' of attributeSetter object at 0x000001FA6A9D2500>, bitsMode=UNKNOWN, blendMode='avg', bpc=(8, 8, 8), color=array([0, 0, 0]), colorSpace='rgb', depthBits=8, fullscr=False, gamma=None, gammaErrorPolicy='raise', infoMsg=UNKNOWN, lms=UNKNOWN, monitor=<psychopy.monitors.calibTools.Monitor object at 0x000001FA6A98C8B0>, multiSample=False, name='window1', numSamples=2, pos=[np.float64(240.0), np.float64(60.0)], screen=0, size=array([800, 600]), stencilBits=0, stereo=False, title='PsychoPy', units='height', useFBO=True, useRetina=False, viewOri=0.0, viewPos=None, viewScale=None, waitBlanking=True, winType='pyglet')
5.2322 	EXP 	window1: backgroundImage = ''
5.2322 	EXP 	window1: backgroundFit = 'none'
5.2507 	DEBUG 	TextBox2 loaded 1 chars with 0 blanks and 1 valid
5.2614 	DEBUG 	TextBox2 loaded 1 chars with 0 blanks and 1 valid
5.2718 	DEBUG 	TextBox2 loaded 1 chars with 0 blanks and 1 valid
5.2828 	DEBUG 	TextBox2 loaded 1 chars with 0 blanks and 1 valid
5.2939 	DEBUG 	TextBox2 loaded 1 chars with 0 blanks and 1 valid
5.3053 	DEBUG 	TextBox2 loaded 1 chars with 0 blanks and 1 valid
5.3163 	DEBUG 	TextBox2 loaded 1 chars with 0 blanks and 1 valid
5.3265 	DEBUG 	TextBox2 loaded 1 chars with 0 blanks and 1 valid
5.3359 	DEBUG 	TextBox2 loaded 1 chars with 0 blanks and 1 valid
5.3468 	DEBUG 	TextBox2 loaded 1 chars with 0 blanks and 1 valid
5.3569 	DEBUG 	TextBox2 loaded 1 chars with 0 blanks and 1 valid
5.3670 	DEBUG 	TextBox2 loaded 1 chars with 0 blanks and 1 valid
5.3769 	DEBUG 	TextBox2 loaded 1 chars with 0 blanks and 1 valid
5.3869 	DEBUG 	TextBox2 loaded 1 chars with 0 blanks and 1 valid
5.3965 	DEBUG 	TextBox2 loaded 1 chars with 0 blanks and 1 valid
5.4065 	DEBUG 	TextBox2 loaded 1 chars with 0 blanks and 1 valid
5.4166 	DEBUG 	TextBox2 loaded 1 chars with 0 blanks and 1 valid
5.4262 	DEBUG 	TextBox2 loaded 1 chars with 0 blanks and 1 valid
5.4358 	DEBUG 	TextBox2 loaded 1 chars with 0 blanks and 1 valid
5.4456 	DEBUG 	TextBox2 loaded 1 chars with 0 blanks and 1 valid
5.4552 	DEBUG 	TextBox2 loaded 1 chars with 0 blanks and 1 valid
5.4556 	DEBUG 	Uploading Texture Font fontname to graphics card
5.4649 	DEBUG 	Upload of Texture Font fontname complete
5.4803 	DEBUG 	TextBox2 loaded 1 chars with 0 blanks and 1 valid
5.4904 	DEBUG 	TextBox2 loaded 1 chars with 0 blanks and 1 valid
5.5005 	DEBUG 	TextBox2 loaded 1 chars with 0 blanks and 1 valid
5.5008 	DEBUG 	Uploading Texture Font fontname to graphics card
5.5069 	DEBUG 	Upload of Texture Font fontname complete
5.5095 	EXP 	window1: Attempting to measure frame rate of screen (0) ...
5.5095 	EXP 	window1: recordFrameIntervals = False
5.6766 	EXP 	window1: recordFrameIntervals = True
7.3438 	EXP 	window1: recordFrameIntervals = False
7.3439 	EXP 	Screen (0) actual frame rate measured at 60.15Hz
7.3609 	DEBUG 	TextBox2 loaded 1 chars with 0 blanks and 1 valid
7.3703 	DEBUG 	TextBox2 loaded 1 chars with 0 blanks and 1 valid
7.3800 	DEBUG 	TextBox2 loaded 1 chars with 0 blanks and 1 valid
7.3897 	DEBUG 	TextBox2 loaded 1 chars with 0 blanks and 1 valid
7.3996 	DEBUG 	TextBox2 loaded 1 chars with 0 blanks and 1 valid
7.4098 	DEBUG 	TextBox2 loaded 1 chars with 0 blanks and 1 valid
7.4191 	DEBUG 	TextBox2 loaded 1 chars with 0 blanks and 1 valid
7.4288 	DEBUG 	TextBox2 loaded 1 chars with 0 blanks and 1 valid
7.4383 	DEBUG 	TextBox2 loaded 1 chars with 0 blanks and 1 valid
7.4477 	DEBUG 	TextBox2 loaded 1 chars with 0 blanks and 1 valid
7.4480 	DEBUG 	Uploading Texture Font fontname to graphics card
7.4489 	DEBUG 	Upload of Texture Font fontname complete
7.5424 	INFO 	keyboard.Keyboard is using ptb backend.
7.5424 	EXP 	signal detection_2: status = STARTED
7.5459 	EXP 	Created fixation = ShapeStim(__class__=<class 'psychopy.visual.shape.ShapeStim'>, anchor=('center', 'center'), autoDraw=False, autoLog=True, closeShape=True, color=method-wrapper(...), colorSpace='rgb', contrast=None, depth=-1.0, draggable=False, fillColor=array([1, 1, 1]), fillColorSpace='rgb', fillRGB=array([1, 1, 1]), interpolate=True, lineColor=array([1., 1., 1.]), lineColorSpace='rgb', lineRGB=array([1, 1, 1]), lineWidth=1.0, name='fixation', opacity=1, ori=0.0, pos=array([0., 0.]), size=array([10., 10.]), units='pix', vertices=ndarray(...), win=Window(...), windingRule=None)
7.5574 	EXP 	Created grating = GratingStim(__class__=<class 'psychopy.visual.grating.GratingStim'>, anchor='center', autoDraw=False, autoLog=True, blendmode='avg', color=array([0.3, 0.3, 0.3]), colorSpace='rgb', contrast=0.3, depth=-2.0, draggable=False, interpolate=True, mask='gauss', maskParams=None, name='grating', opacity=1, ori=1.0, phase=array([0., 0.]), pos=array([0., 0.]), rgbPedestal=array([0., 0., 0.]), sf=array([5., 5.]), size=array([0.2, 0.2]), tex='sin', texRes=128.0, units='height', win=Window(...))
0.0194 	EXP 	New trial (rep=0, index=0): <Trial 0 (0 in rep 0) data={'thisN': 0, 'thisTrialN': 0, 'thisRepN': 0}>
0.0360 	EXP 	grating: ori = np.float64(0.0)
0.0360 	EXP 	fixation: autoDraw = True
1.0034 	INFO 	Keyboard events cleared
1.0033 	EXP 	grating: autoDraw = True
1.0033 	EXP 	grating: tex = 'sin'
1.0372 	EXP 	fixation: autoDraw = False
1.3025 	EXP 	grating: autoDraw = False
1.4156 	EXP 	Device response: <KeyPress from None: t=1.4070658998098224, value=up, duration=None>
1.4159 	EXP 	New trial (rep=1, index=0): <Trial 1 (0 in rep 1) data={'thisN': 1, 'thisTrialN': 0, 'thisRepN': 1}>
1.4195 	DATA 	Keypress: up
1.4348 	EXP 	fixation: autoDraw = False
1.4348 	EXP 	grating: autoDraw = False
1.4348 	EXP 	grating: ori = np.float64(4.0)
1.4348 	EXP 	fixation: autoDraw = True
1.5897 	EXP 	Device response: <KeyPress from None: t=1.4070658998098224, value=up, duration=0.16731370007619262>
2.4191 	INFO 	Keyboard events cleared
2.4190 	EXP 	grating: autoDraw = True
2.4368 	EXP 	fixation: autoDraw = False
2.7195 	EXP 	grating: autoDraw = False
3.4232 	EXP 	Device response: <KeyPress from None: t=3.4155691999476403, value=down, duration=None>
3.4235 	EXP 	New trial (rep=2, index=0): <Trial 2 (0 in rep 2) data={'thisN': 2, 'thisTrialN': 0, 'thisRepN': 2}>
3.4247 	DATA 	Keypress: down
3.4359 	EXP 	fixation: autoDraw = False
3.4359 	EXP 	grating: autoDraw = False
3.4359 	EXP 	grating: ori = np.float64(1.0)
3.4359 	EXP 	fixation: autoDraw = True
3.6045 	EXP 	Device response: <KeyPress from None: t=3.4155691999476403, value=down, duration=0.18050309992395341>
4.4365 	INFO 	Keyboard events cleared
4.4363 	EXP 	fixation: autoDraw = False
4.4363 	EXP 	grating: autoDraw = True
4.7364 	EXP 	grating: autoDraw = False
5.3773 	EXP 	Device response: <KeyPress from None: t=5.37234599981457, value=up, duration=None>
5.3776 	EXP 	New trial (rep=3, index=0): <Trial 3 (0 in rep 3) data={'thisN': 3, 'thisTrialN': 0, 'thisRepN': 3}>
5.3785 	DATA 	Keypress: up
5.3855 	EXP 	fixation: autoDraw = False
5.3855 	EXP 	grating: autoDraw = False
5.3855 	EXP 	grating: ori = np.float64(0.0)
5.3855 	EXP 	fixation: autoDraw = True
5.5077 	EXP 	Device response: <KeyPress from None: t=5.37234599981457, value=up, duration=0.1307986001484096>
6.3867 	INFO 	Keyboard events cleared
6.3865 	EXP 	fixation: autoDraw = False
6.3865 	EXP 	grating: autoDraw = True
6.6868 	EXP 	grating: autoDraw = False
7.4244 	EXP 	Device response: <KeyPress from None: t=7.412601499818265, value=up, duration=None>
7.4247 	EXP 	New trial (rep=4, index=0): <Trial 4 (0 in rep 4) data={'thisN': 4, 'thisTrialN': 0, 'thisRepN': 4}>
7.4257 	DATA 	Keypress: up
7.4362 	EXP 	fixation: autoDraw = False
7.4362 	EXP 	grating: autoDraw = False
7.4362 	EXP 	grating: ori = np.float64(-5.0)
7.4362 	EXP 	fixation: autoDraw = True
7.5567 	EXP 	Device response: <KeyPress from None: t=7.412601499818265, value=up, duration=0.1294832001440227>
8.4375 	INFO 	Keyboard events cleared
8.4373 	EXP 	fixation: autoDraw = False
8.4373 	EXP 	grating: autoDraw = True
8.7364 	EXP 	grating: autoDraw = False
8.8917 	EXP 	Device response: <KeyPress from None: t=8.876849699998274, value=down, duration=None>
8.8920 	EXP 	New trial (rep=5, index=0): <Trial 5 (0 in rep 5) data={'thisN': 5, 'thisTrialN': 0, 'thisRepN': 5}>
8.8930 	DATA 	Keypress: down
8.9025 	EXP 	fixation: autoDraw = False
8.9025 	EXP 	grating: autoDraw = False
8.9025 	EXP 	grating: ori = np.float64(-3.0)
8.9025 	EXP 	fixation: autoDraw = True
9.0050 	EXP 	Device response: <KeyPress from None: t=8.876849699998274, value=down, duration=0.12014629994519055>
9.9045 	INFO 	Keyboard events cleared
9.9043 	EXP 	fixation: autoDraw = False
9.9043 	EXP 	grating: autoDraw = True
10.2187 	EXP 	grating: autoDraw = False
10.6913 	EXP 	Device response: <KeyPress from None: t=10.688917799852788, value=down, duration=None>
10.6916 	EXP 	New trial (rep=6, index=0): <Trial 6 (0 in rep 6) data={'thisN': 6, 'thisTrialN': 0, 'thisRepN': 6}>
10.6927 	DATA 	Keypress: down
10.7031 	EXP 	fixation: autoDraw = False
10.7031 	EXP 	grating: autoDraw = False
10.7031 	EXP 	grating: ori = np.float64(-5.0)
10.7031 	EXP 	fixation: autoDraw = True
10.8574 	EXP 	Device response: <KeyPress from None: t=10.688917799852788, value=down, duration=0.15232060011476278>
11.7030 	INFO 	Keyboard events cleared
11.7029 	EXP 	fixation: autoDraw = False
11.7029 	EXP 	grating: autoDraw = True
12.0034 	EXP 	grating: autoDraw = False
12.2915 	EXP 	Device response: <KeyPress from None: t=12.289354799780995, value=down, duration=None>
12.2918 	EXP 	New trial (rep=7, index=0): <Trial 7 (0 in rep 7) data={'thisN': 7, 'thisTrialN': 0, 'thisRepN': 7}>
12.2929 	DATA 	Keypress: down
12.3024 	EXP 	fixation: autoDraw = False
12.3024 	EXP 	grating: autoDraw = False
12.3024 	EXP 	grating: ori = np.float64(1.0)
12.3024 	EXP 	fixation: autoDraw = True
12.4080 	EXP 	Device response: <KeyPress from None: t=12.289354799780995, value=down, duration=0.11069670016877353>
13.3029 	INFO 	Keyboard events cleared
13.3027 	EXP 	fixation: autoDraw = False
13.3027 	EXP 	grating: autoDraw = True
13.6033 	EXP 	grating: autoDraw = False
14.3730 	EXP 	Device response: <KeyPress from None: t=14.36380479997024, value=down, duration=None>
14.3733 	EXP 	New trial (rep=8, index=0): <Trial 8 (0 in rep 8) data={'thisN': 8, 'thisTrialN': 0, 'thisRepN': 8}>
14.3742 	DATA 	Keypress: down
14.3856 	EXP 	fixation: autoDraw = False
14.3856 	EXP 	grating: autoDraw = False
14.3856 	EXP 	grating: ori = np.float64(-2.0)
14.3856 	EXP 	fixation: autoDraw = True
14.5064 	EXP 	Device response: <KeyPress from None: t=14.36380479997024, value=down, duration=0.13331229984760284>
15.3856 	INFO 	Keyboard events cleared
15.3854 	EXP 	fixation: autoDraw = False
15.3854 	EXP 	grating: autoDraw = True
15.6862 	EXP 	grating: autoDraw = False
15.9256 	EXP 	Device response: <KeyPress from None: t=15.923186599975452, value=up, duration=None>
15.9260 	EXP 	New trial (rep=9, index=0): <Trial 9 (0 in rep 9) data={'thisN': 9, 'thisTrialN': 0, 'thisRepN': 9}>
15.9271 	DATA 	Keypress: up
15.9358 	EXP 	fixation: autoDraw = False
15.9358 	EXP 	grating: autoDraw = False
15.9358 	EXP 	grating: ori = np.float64(4.0)
15.9358 	EXP 	fixation: autoDraw = True
16.0422 	EXP 	Device response: <KeyPress from None: t=15.923186599975452, value=up, duration=0.1123881998937577>
16.9361 	INFO 	Keyboard events cleared
16.9359 	EXP 	fixation: autoDraw = False
16.9359 	EXP 	grating: autoDraw = True
17.2355 	EXP 	grating: autoDraw = False
17.5580 	EXP 	Device response: <KeyPress from None: t=17.55752529995516, value=down, duration=None>
17.5583 	EXP 	New trial (rep=10, index=0): <Trial 10 (0 in rep 10) data={'thisN': 10, 'thisTrialN': 0, 'thisRepN': 10}>
17.5595 	DATA 	Keypress: down
17.5697 	EXP 	fixation: autoDraw = False
17.5697 	EXP 	grating: autoDraw = False
17.5697 	EXP 	grating: ori = np.float64(-3.0)
17.5697 	EXP 	fixation: autoDraw = True
17.7062 	EXP 	Device response: <KeyPress from None: t=17.55752529995516, value=down, duration=0.13618689985014498>
18.5695 	INFO 	Keyboard events cleared
18.5693 	EXP 	fixation: autoDraw = False
18.5693 	EXP 	grating: autoDraw = True
18.8689 	EXP 	grating: autoDraw = False
19.3072 	EXP 	Device response: <KeyPress from None: t=19.29831779981032, value=up, duration=None>
19.3075 	EXP 	New trial (rep=11, index=0): <Trial 11 (0 in rep 11) data={'thisN': 11, 'thisTrialN': 0, 'thisRepN': 11}>
19.3086 	DATA 	Keypress: up
19.3187 	EXP 	fixation: autoDraw = False
19.3187 	EXP 	grating: autoDraw = False
19.3187 	EXP 	grating: ori = np.float64(0.0)
19.3187 	EXP 	fixation: autoDraw = True
19.4256 	EXP 	Device response: <KeyPress from None: t=19.29831779981032, value=up, duration=0.12029240000993013>
20.3200 	INFO 	Keyboard events cleared
20.3198 	EXP 	fixation: autoDraw = False
20.3198 	EXP 	grating: autoDraw = True
20.6201 	EXP 	grating: autoDraw = False
21.0422 	EXP 	Device response: <KeyPress from None: t=21.02514239982702, value=down, duration=None>
21.0426 	EXP 	New trial (rep=12, index=0): <Trial 12 (0 in rep 12) data={'thisN': 12, 'thisTrialN': 0, 'thisRepN': 12}>
21.0440 	DATA 	Keypress: down
21.0527 	EXP 	fixation: autoDraw = False
21.0527 	EXP 	grating: autoDraw = False
21.0527 	EXP 	grating: ori = np.float64(0.0)
21.0527 	EXP 	fixation: autoDraw = True
21.1586 	EXP 	Device response: <KeyPress from None: t=21.02514239982702, value=down, duration=0.12995920004323125>
22.0522 	INFO 	Keyboard events cleared
22.0521 	EXP 	fixation: autoDraw = False
22.0521 	EXP 	grating: autoDraw = True
22.3524 	EXP 	grating: autoDraw = False
22.6402 	EXP 	Device response: <KeyPress from None: t=22.63211159990169, value=down, duration=None>
22.6405 	EXP 	New trial (rep=13, index=0): <Trial 13 (0 in rep 13) data={'thisN': 13, 'thisTrialN': 0, 'thisRepN': 13}>
22.6415 	DATA 	Keypress: down
22.6526 	EXP 	fixation: autoDraw = False
22.6526 	EXP 	grating: autoDraw = False
22.6526 	EXP 	grating: ori = np.float64(0.0)
22.6526 	EXP 	fixation: autoDraw = True
22.7746 	EXP 	Device response: <KeyPress from None: t=22.63211159990169, value=down, duration=0.13578250003047287>
23.6526 	INFO 	Keyboard events cleared
23.6524 	EXP 	fixation: autoDraw = False
23.6524 	EXP 	grating: autoDraw = True
23.9528 	EXP 	grating: autoDraw = False
24.2384 	EXP 	Device response: <KeyPress from None: t=24.23057849984616, value=down, duration=None>
24.2387 	EXP 	New trial (rep=14, index=0): <Trial 14 (0 in rep 14) data={'thisN': 14, 'thisTrialN': 0, 'thisRepN': 14}>
24.2395 	DATA 	Keypress: down
24.2518 	EXP 	fixation: autoDraw = False
24.2518 	EXP 	grating: autoDraw = False
24.2518 	EXP 	grating: ori = np.float64(-2.0)
24.2518 	EXP 	fixation: autoDraw = True
24.3882 	EXP 	Device response: <KeyPress from None: t=24.23057849984616, value=down, duration=0.1460724000353366>
25.2525 	INFO 	Keyboard events cleared
25.2524 	EXP 	fixation: autoDraw = False
25.2524 	EXP 	grating: autoDraw = True
25.5690 	EXP 	grating: autoDraw = False
25.8234 	EXP 	Device response: <KeyPress from None: t=25.815653999801725, value=down, duration=None>
25.8237 	EXP 	New trial (rep=15, index=0): <Trial 15 (0 in rep 15) data={'thisN': 15, 'thisTrialN': 0, 'thisRepN': 15}>
25.8247 	DATA 	Keypress: down
25.8359 	EXP 	fixation: autoDraw = False
25.8359 	EXP 	grating: autoDraw = False
25.8359 	EXP 	grating: ori = np.float64(-2.0)
25.8359 	EXP 	fixation: autoDraw = True
25.9891 	EXP 	Device response: <KeyPress from None: t=25.815653999801725, value=down, duration=0.16459639999084175>
26.8359 	INFO 	Keyboard events cleared
26.8357 	EXP 	fixation: autoDraw = False
26.8357 	EXP 	grating: autoDraw = True
27.1359 	EXP 	grating: autoDraw = False
27.4545 	EXP 	Device response: <KeyPress from None: t=27.446880399947986, value=up, duration=None>
27.4547 	EXP 	New trial (rep=16, index=0): <Trial 16 (0 in rep 16) data={'thisN': 16, 'thisTrialN': 0, 'thisRepN': 16}>
27.4555 	DATA 	Keypress: up
27.4686 	EXP 	fixation: autoDraw = False
27.4686 	EXP 	grating: autoDraw = False
27.4686 	EXP 	grating: ori = np.float64(-2.0)
27.4686 	EXP 	fixation: autoDraw = True
27.5908 	EXP 	Device response: <KeyPress from None: t=27.446880399947986, value=up, duration=0.12909259996376932>
28.4689 	INFO 	Keyboard events cleared
28.4687 	EXP 	fixation: autoDraw = False
28.4687 	EXP 	grating: autoDraw = True
28.7695 	EXP 	grating: autoDraw = False
29.7752 	EXP 	Device response: <KeyPress from None: t=29.768693499965593, value=down, duration=None>
29.7754 	EXP 	New trial (rep=17, index=0): <Trial 17 (0 in rep 17) data={'thisN': 17, 'thisTrialN': 0, 'thisRepN': 17}>
29.7763 	DATA 	Keypress: down
29.7852 	EXP 	fixation: autoDraw = False
29.7852 	EXP 	grating: autoDraw = False
29.7852 	EXP 	grating: ori = np.float64(-5.0)
29.7852 	EXP 	fixation: autoDraw = True
29.9396 	EXP 	Device response: <KeyPress from None: t=29.768693499965593, value=down, duration=0.16210469999350607>
30.7856 	INFO 	Keyboard events cleared
30.7855 	EXP 	fixation: autoDraw = False
30.7855 	EXP 	grating: autoDraw = True
31.0858 	EXP 	grating: autoDraw = False
31.4376 	EXP 	Device response: <KeyPress from None: t=31.428812599973753, value=down, duration=None>
31.4378 	EXP 	New trial (rep=18, index=0): <Trial 18 (0 in rep 18) data={'thisN': 18, 'thisTrialN': 0, 'thisRepN': 18}>
31.4385 	DATA 	Keypress: down
31.4512 	EXP 	fixation: autoDraw = False
31.4512 	EXP 	grating: autoDraw = False
31.4512 	EXP 	grating: ori = np.float64(0.0)
31.4512 	EXP 	fixation: autoDraw = True
31.5863 	EXP 	Device response: <KeyPress from None: t=31.428812599973753, value=down, duration=0.1523219000082463>
32.4525 	INFO 	Keyboard events cleared
32.4523 	EXP 	fixation: autoDraw = False
32.4523 	EXP 	grating: autoDraw = True
32.7527 	EXP 	grating: autoDraw = False
33.7575 	DATA 	Keypress: down
33.7745 	EXP 	Device response: <KeyPress from None: t=33.75692239985801, value=down, duration=None>
33.7748 	EXP 	New trial (rep=19, index=0): <Trial 19 (0 in rep 19) data={'thisN': 19, 'thisTrialN': 0, 'thisRepN': 19}>
33.7858 	EXP 	fixation: autoDraw = False
33.7858 	EXP 	grating: autoDraw = False
33.7858 	EXP 	grating: ori = np.float64(4.0)
33.7858 	EXP 	fixation: autoDraw = True
33.9047 	EXP 	Device response: <KeyPress from None: t=33.75692239985801, value=down, duration=0.13980070012621582>
34.7858 	INFO 	Keyboard events cleared
34.7857 	EXP 	fixation: autoDraw = False
34.7857 	EXP 	grating: autoDraw = True
35.0862 	EXP 	grating: autoDraw = False
35.5879 	EXP 	Device response: <KeyPress from None: t=35.57555179996416, value=down, duration=None>
35.5881 	EXP 	New trial (rep=20, index=0): <Trial 20 (0 in rep 20) data={'thisN': 20, 'thisTrialN': 0, 'thisRepN': 20}>
35.5889 	DATA 	Keypress: down
35.6023 	EXP 	fixation: autoDraw = False
35.6023 	EXP 	grating: autoDraw = False
35.6023 	EXP 	grating: ori = np.float64(0.0)
35.6023 	EXP 	fixation: autoDraw = True
35.7579 	EXP 	Device response: <KeyPress from None: t=35.57555179996416, value=down, duration=0.17639969987794757>
36.6022 	INFO 	Keyboard events cleared
36.6021 	EXP 	fixation: autoDraw = False
36.6021 	EXP 	grating: autoDraw = True
36.9026 	EXP 	grating: autoDraw = False
37.2581 	EXP 	Device response: <KeyPress from None: t=37.25731929996982, value=up, duration=None>
37.2584 	EXP 	New trial (rep=21, index=0): <Trial 21 (0 in rep 21) data={'thisN': 21, 'thisTrialN': 0, 'thisRepN': 21}>
37.2595 	DATA 	Keypress: up
37.2679 	EXP 	fixation: autoDraw = False
37.2679 	EXP 	grating: autoDraw = False
37.2679 	EXP 	grating: ori = np.float64(-5.0)
37.2679 	EXP 	fixation: autoDraw = True
37.4236 	EXP 	Device response: <KeyPress from None: t=37.25731929996982, value=up, duration=0.15210149995982647>
38.2680 	INFO 	Keyboard events cleared
38.2678 	EXP 	fixation: autoDraw = False
38.2678 	EXP 	grating: autoDraw = True
38.5685 	EXP 	grating: autoDraw = False
38.8886 	EXP 	Device response: <KeyPress from None: t=38.87493019993417, value=down, duration=None>
38.8889 	EXP 	New trial (rep=22, index=0): <Trial 22 (0 in rep 22) data={'thisN': 22, 'thisTrialN': 0, 'thisRepN': 22}>
38.8898 	DATA 	Keypress: down
38.9018 	EXP 	fixation: autoDraw = False
38.9018 	EXP 	grating: autoDraw = False
38.9018 	EXP 	grating: ori = np.float64(-5.0)
38.9018 	EXP 	fixation: autoDraw = True
39.0209 	EXP 	Device response: <KeyPress from None: t=38.87493019993417, value=down, duration=0.13648290000855923>
39.9012 	INFO 	Keyboard events cleared
39.9010 	EXP 	fixation: autoDraw = False
39.9010 	EXP 	grating: autoDraw = True
40.2022 	EXP 	grating: autoDraw = False
40.5091 	EXP 	Device response: <KeyPress from None: t=40.50355719984509, value=down, duration=None>
40.5095 	EXP 	New trial (rep=23, index=0): <Trial 23 (0 in rep 23) data={'thisN': 23, 'thisTrialN': 0, 'thisRepN': 23}>
40.5108 	DATA 	Keypress: down
40.5183 	EXP 	fixation: autoDraw = False
40.5183 	EXP 	grating: autoDraw = False
40.5183 	EXP 	grating: ori = np.float64(0.0)
40.5183 	EXP 	fixation: autoDraw = True
40.6882 	EXP 	Device response: <KeyPress from None: t=40.50355719984509, value=down, duration=0.1699147999752313>
41.5192 	INFO 	Keyboard events cleared
41.5190 	EXP 	fixation: autoDraw = False
41.5190 	EXP 	grating: autoDraw = True
41.8181 	EXP 	grating: autoDraw = False
42.3874 	EXP 	Device response: <KeyPress from None: t=42.37431290000677, value=up, duration=None>
42.3876 	EXP 	New trial (rep=24, index=0): <Trial 24 (0 in rep 24) data={'thisN': 24, 'thisTrialN': 0, 'thisRepN': 24}>
42.3884 	DATA 	Keypress: up
42.4018 	EXP 	fixation: autoDraw = False
42.4018 	EXP 	grating: autoDraw = False
42.4018 	EXP 	grating: ori = np.float64(1.0)
42.4018 	EXP 	fixation: autoDraw = True
42.5226 	EXP 	Device response: <KeyPress from None: t=42.37431290000677, value=up, duration=0.1408831998705864>
43.4015 	INFO 	Keyboard events cleared
43.4014 	EXP 	fixation: autoDraw = False
43.4014 	EXP 	grating: autoDraw = True
43.7168 	EXP 	grating: autoDraw = False
44.3244 	EXP 	Device response: <KeyPress from None: t=44.32086729980074, value=up, duration=None>
44.3246 	EXP 	New trial (rep=25, index=0): <Trial 25 (0 in rep 25) data={'thisN': 25, 'thisTrialN': 0, 'thisRepN': 25}>
44.3256 	DATA 	Keypress: up
44.3349 	EXP 	fixation: autoDraw = False
44.3349 	EXP 	grating: autoDraw = False
44.3349 	EXP 	grating: ori = np.float64(-3.0)
44.3349 	EXP 	fixation: autoDraw = True
44.4892 	EXP 	Device response: <KeyPress from None: t=44.32086729980074, value=up, duration=0.1590426000766456>
45.3358 	INFO 	Keyboard events cleared
45.3356 	EXP 	fixation: autoDraw = False
45.3356 	EXP 	grating: autoDraw = True
45.6348 	EXP 	grating: autoDraw = False
45.8576 	EXP 	Device response: <KeyPress from None: t=45.85125869978219, value=down, duration=None>
45.8579 	EXP 	New trial (rep=26, index=0): <Trial 26 (0 in rep 26) data={'thisN': 26, 'thisTrialN': 0, 'thisRepN': 26}>
45.8589 	DATA 	Keypress: down
45.8680 	EXP 	fixation: autoDraw = False
45.8680 	EXP 	grating: autoDraw = False
45.8680 	EXP 	grating: ori = np.float64(1.0)
45.8680 	EXP 	fixation: autoDraw = True
46.0226 	EXP 	Device response: <KeyPress from None: t=45.85125869978219, value=down, duration=0.15790060022845864>
46.8681 	INFO 	Keyboard events cleared
46.8680 	EXP 	fixation: autoDraw = False
46.8680 	EXP 	grating: autoDraw = True
47.1679 	EXP 	grating: autoDraw = False
47.6046 	EXP 	Device response: <KeyPress from None: t=47.594421699875966, value=up, duration=None>
47.6048 	EXP 	New trial (rep=27, index=0): <Trial 27 (0 in rep 27) data={'thisN': 27, 'thisTrialN': 0, 'thisRepN': 27}>
47.6056 	DATA 	Keypress: up
47.6179 	EXP 	fixation: autoDraw = False
47.6179 	EXP 	grating: autoDraw = False
47.6179 	EXP 	grating: ori = np.float64(0.0)
47.6179 	EXP 	fixation: autoDraw = True
47.7046 	EXP 	Device response: <KeyPress from None: t=47.594421699875966, value=up, duration=0.10086690005846322>
48.6184 	INFO 	Keyboard events cleared
48.6183 	EXP 	fixation: autoDraw = False
48.6183 	EXP 	grating: autoDraw = True
48.9189 	EXP 	grating: autoDraw = False
49.3741 	EXP 	Device response: <KeyPress from None: t=49.36961129982956, value=up, duration=None>
49.3744 	EXP 	New trial (rep=28, index=0): <Trial 28 (0 in rep 28) data={'thisN': 28, 'thisTrialN': 0, 'thisRepN': 28}>
49.3754 	DATA 	Keypress: up
49.3851 	EXP 	fixation: autoDraw = False
49.3851 	EXP 	grating: autoDraw = False
49.3851 	EXP 	grating: ori = np.float64(0.0)
49.3851 	EXP 	fixation: autoDraw = True
49.5045 	EXP 	Device response: <KeyPress from None: t=49.36961129982956, value=up, duration=0.1259618999902159>
50.3857 	INFO 	Keyboard events cleared
50.3855 	EXP 	fixation: autoDraw = False
50.3855 	EXP 	grating: autoDraw = True
50.7002 	EXP 	grating: autoDraw = False
51.0892 	EXP 	Device response: <KeyPress from None: t=51.08813359984197, value=up, duration=None>
51.0894 	EXP 	New trial (rep=29, index=0): <Trial 29 (0 in rep 29) data={'thisN': 29, 'thisTrialN': 0, 'thisRepN': 29}>
51.0904 	DATA 	Keypress: up
51.1013 	EXP 	fixation: autoDraw = False
51.1013 	EXP 	grating: autoDraw = False
51.1013 	EXP 	grating: ori = np.float64(-3.0)
51.1013 	EXP 	fixation: autoDraw = True
51.2206 	EXP 	Device response: <KeyPress from None: t=51.08813359984197, value=up, duration=0.1233500000089407>
52.1010 	INFO 	Keyboard events cleared
52.1008 	EXP 	fixation: autoDraw = False
52.1008 	EXP 	grating: autoDraw = True
52.4018 	EXP 	grating: autoDraw = False
53.0065 	EXP 	Device response: <KeyPress from None: t=53.004276499850675, value=down, duration=None>
53.0068 	EXP 	New trial (rep=30, index=0): <Trial 30 (0 in rep 30) data={'thisN': 30, 'thisTrialN': 0, 'thisRepN': 30}>
53.0078 	DATA 	Keypress: down
53.0185 	EXP 	fixation: autoDraw = False
53.0185 	EXP 	grating: autoDraw = False
53.0185 	EXP 	grating: ori = np.float64(0.0)
53.0185 	EXP 	fixation: autoDraw = True
53.1708 	EXP 	Device response: <KeyPress from None: t=53.004276499850675, value=down, duration=0.16450920002534986>
54.0187 	INFO 	Keyboard events cleared
54.0186 	EXP 	fixation: autoDraw = False
54.0186 	EXP 	grating: autoDraw = True
54.3177 	EXP 	grating: autoDraw = False
54.9216 	EXP 	Device response: <KeyPress from None: t=54.91095119994134, value=up, duration=None>
54.9218 	EXP 	New trial (rep=31, index=0): <Trial 31 (0 in rep 31) data={'thisN': 31, 'thisTrialN': 0, 'thisRepN': 31}>
54.9230 	DATA 	Keypress: up
54.9341 	EXP 	fixation: autoDraw = False
54.9341 	EXP 	grating: autoDraw = False
54.9341 	EXP 	grating: ori = np.float64(0.0)
54.9341 	EXP 	fixation: autoDraw = True
55.0707 	EXP 	Device response: <KeyPress from None: t=54.91095119994134, value=up, duration=0.14954829984344542>
55.9347 	INFO 	Keyboard events cleared
55.9346 	EXP 	fixation: autoDraw = False
55.9346 	EXP 	grating: autoDraw = True
56.2337 	EXP 	grating: autoDraw = False
56.7241 	EXP 	Device response: <KeyPress from None: t=56.717522899853066, value=down, duration=None>
56.7244 	EXP 	New trial (rep=32, index=0): <Trial 32 (0 in rep 32) data={'thisN': 32, 'thisTrialN': 0, 'thisRepN': 32}>
56.7260 	DATA 	Keypress: down
56.7357 	EXP 	fixation: autoDraw = False
56.7357 	EXP 	grating: autoDraw = False
56.7357 	EXP 	grating: ori = np.float64(1.0)
56.7357 	EXP 	fixation: autoDraw = True
56.8891 	EXP 	Device response: <KeyPress from None: t=56.717522899853066, value=down, duration=0.16743279993534088>
57.7344 	INFO 	Keyboard events cleared
57.7343 	EXP 	fixation: autoDraw = False
57.7343 	EXP 	grating: autoDraw = True
58.0343 	EXP 	grating: autoDraw = False
58.7874 	EXP 	Device response: <KeyPress from None: t=58.786118999822065, value=up, duration=None>
58.7876 	EXP 	New trial (rep=33, index=0): <Trial 33 (0 in rep 33) data={'thisN': 33, 'thisTrialN': 0, 'thisRepN': 33}>
58.7887 	DATA 	Keypress: up
58.8012 	EXP 	fixation: autoDraw = False
58.8012 	EXP 	grating: autoDraw = False
58.8012 	EXP 	grating: ori = np.float64(0.0)
58.8012 	EXP 	fixation: autoDraw = True
58.9729 	EXP 	Device response: <KeyPress from None: t=58.786118999822065, value=up, duration=0.1829785001464188>
59.7997 	INFO 	Keyboard events cleared
59.7996 	EXP 	grating: autoDraw = True
59.8160 	EXP 	fixation: autoDraw = False
60.1008 	EXP 	grating: autoDraw = False
60.8063 	EXP 	Device response: <KeyPress from None: t=60.80203799996525, value=up, duration=None>
60.8066 	EXP 	New trial (rep=34, index=0): <Trial 34 (0 in rep 34) data={'thisN': 34, 'thisTrialN': 0, 'thisRepN': 34}>
60.8073 	DATA 	Keypress: up
60.8176 	EXP 	fixation: autoDraw = False
60.8176 	EXP 	grating: autoDraw = False
60.8176 	EXP 	grating: ori = np.float64(0.0)
60.8176 	EXP 	fixation: autoDraw = True
60.9539 	EXP 	Device response: <KeyPress from None: t=60.80203799996525, value=up, duration=0.14076199987903237>
61.8188 	INFO 	Keyboard events cleared
61.8187 	EXP 	fixation: autoDraw = False
61.8187 	EXP 	grating: autoDraw = True
62.1187 	EXP 	grating: autoDraw = False
62.8375 	EXP 	Device response: <KeyPress from None: t=62.8234106998425, value=up, duration=None>
62.8377 	EXP 	New trial (rep=35, index=0): <Trial 35 (0 in rep 35) data={'thisN': 35, 'thisTrialN': 0, 'thisRepN': 35}>
62.8385 	DATA 	Keypress: up
62.8509 	EXP 	fixation: autoDraw = False
62.8509 	EXP 	grating: autoDraw = False
62.8509 	EXP 	grating: ori = np.float64(-3.0)
62.8509 	EXP 	fixation: autoDraw = True
62.9729 	EXP 	Device response: <KeyPress from None: t=62.8234106998425, value=up, duration=0.14650200004689395>
63.8520 	INFO 	Keyboard events cleared
63.8518 	EXP 	fixation: autoDraw = False
63.8518 	EXP 	grating: autoDraw = True
64.1686 	EXP 	grating: autoDraw = False
64.4393 	EXP 	Device response: <KeyPress from None: t=64.42351789982058, value=up, duration=None>
64.4396 	EXP 	New trial (rep=36, index=0): <Trial 36 (0 in rep 36) data={'thisN': 36, 'thisTrialN': 0, 'thisRepN': 36}>
64.4405 	DATA 	Keypress: up
64.4511 	EXP 	fixation: autoDraw = False
64.4511 	EXP 	grating: autoDraw = False
64.4511 	EXP 	grating: ori = np.float64(0.0)
64.4511 	EXP 	fixation: autoDraw = True
64.5873 	EXP 	Device response: <KeyPress from None: t=64.42351789982058, value=up, duration=0.1482518999837339>
65.4516 	INFO 	Keyboard events cleared
65.4515 	EXP 	fixation: autoDraw = False
65.4515 	EXP 	grating: autoDraw = True
65.7515 	EXP 	grating: autoDraw = False
66.0558 	EXP 	Device response: <KeyPress from None: t=66.04587999987416, value=up, duration=None>
66.0561 	EXP 	New trial (rep=37, index=0): <Trial 37 (0 in rep 37) data={'thisN': 37, 'thisTrialN': 0, 'thisRepN': 37}>
66.0572 	DATA 	Keypress: up
66.0681 	EXP 	fixation: autoDraw = False
66.0681 	EXP 	grating: autoDraw = False
66.0681 	EXP 	grating: ori = np.float64(-5.0)
66.0681 	EXP 	fixation: autoDraw = True
66.2226 	EXP 	Device response: <KeyPress from None: t=66.04587999987416, value=up, duration=0.16845010011456907>
67.0681 	INFO 	Keyboard events cleared
67.0680 	EXP 	grating: autoDraw = True
67.0850 	EXP 	fixation: autoDraw = False
67.3683 	EXP 	grating: autoDraw = False
67.7232 	EXP 	Device response: <KeyPress from None: t=67.71696130000055, value=up, duration=None>
67.7235 	EXP 	New trial (rep=38, index=0): <Trial 38 (0 in rep 38) data={'thisN': 38, 'thisTrialN': 0, 'thisRepN': 38}>
67.7245 	DATA 	Keypress: up
67.7344 	EXP 	fixation: autoDraw = False
67.7344 	EXP 	grating: autoDraw = False
67.7344 	EXP 	grating: ori = np.float64(-5.0)
67.7344 	EXP 	fixation: autoDraw = True
67.8054 	EXP 	Device response: <KeyPress from None: t=67.71696130000055, value=up, duration=0.07975409994833171>
68.7349 	INFO 	Keyboard events cleared
68.7347 	EXP 	fixation: autoDraw = False
68.7347 	EXP 	grating: autoDraw = True
69.0352 	EXP 	grating: autoDraw = False
69.4059 	EXP 	Device response: <KeyPress from None: t=69.39758699992672, value=down, duration=None>
69.4062 	EXP 	New trial (rep=39, index=0): <Trial 39 (0 in rep 39) data={'thisN': 39, 'thisTrialN': 0, 'thisRepN': 39}>
69.4072 	DATA 	Keypress: down
69.4178 	EXP 	fixation: autoDraw = False
69.4178 	EXP 	grating: autoDraw = False
69.4178 	EXP 	grating: ori = np.float64(-2.0)
69.4178 	EXP 	fixation: autoDraw = True
69.5249 	EXP 	Device response: <KeyPress from None: t=69.39758699992672, value=down, duration=0.12039659987203777>
70.4184 	INFO 	Keyboard events cleared
70.4182 	EXP 	fixation: autoDraw = False
70.4182 	EXP 	grating: autoDraw = True
70.7187 	EXP 	grating: autoDraw = False
71.3048 	EXP 	Device response: <KeyPress from None: t=71.29439989989623, value=up, duration=None>
71.3050 	EXP 	New trial (rep=40, index=0): <Trial 40 (0 in rep 40) data={'thisN': 40, 'thisTrialN': 0, 'thisRepN': 40}>
71.3060 	DATA 	Keypress: up
71.3175 	EXP 	fixation: autoDraw = False
71.3175 	EXP 	grating: autoDraw = False
71.3175 	EXP 	grating: ori = np.float64(0.0)
71.3175 	EXP 	fixation: autoDraw = True
71.4729 	EXP 	Device response: <KeyPress from None: t=71.29439989989623, value=up, duration=0.16973310010507703>
72.3180 	INFO 	Keyboard events cleared
72.3178 	EXP 	fixation: autoDraw = False
72.3178 	EXP 	grating: autoDraw = True
72.6181 	EXP 	grating: autoDraw = False
73.0366 	EXP 	Device response: <KeyPress from None: t=73.0266308998689, value=up, duration=None>
73.0368 	EXP 	New trial (rep=41, index=0): <Trial 41 (0 in rep 41) data={'thisN': 41, 'thisTrialN': 0, 'thisRepN': 41}>
73.0378 	DATA 	Keypress: up
73.0510 	EXP 	fixation: autoDraw = False
73.0510 	EXP 	grating: autoDraw = False
73.0510 	EXP 	grating: ori = np.float64(-5.0)
73.0510 	EXP 	fixation: autoDraw = True
73.2065 	EXP 	Device response: <KeyPress from None: t=73.0266308998689, value=up, duration=0.17641750001348555>
74.0492 	INFO 	Keyboard events cleared
74.0492 	EXP 	grating: autoDraw = True
74.0658 	EXP 	fixation: autoDraw = False
74.3513 	EXP 	grating: autoDraw = False
74.6888 	EXP 	Device response: <KeyPress from None: t=74.68711149995215, value=up, duration=None>
74.6890 	EXP 	New trial (rep=42, index=0): <Trial 42 (0 in rep 42) data={'thisN': 42, 'thisTrialN': 0, 'thisRepN': 42}>
74.6899 	DATA 	Keypress: up
74.7012 	EXP 	fixation: autoDraw = False
74.7012 	EXP 	grating: autoDraw = False
74.7012 	EXP 	grating: ori = np.float64(0.0)
74.7012 	EXP 	fixation: autoDraw = True
74.8556 	EXP 	Device response: <KeyPress from None: t=74.68711149995215, value=up, duration=0.15256069996394217>
75.7020 	INFO 	Keyboard events cleared
75.7018 	EXP 	fixation: autoDraw = False
75.7018 	EXP 	grating: autoDraw = True
76.0002 	EXP 	grating: autoDraw = False
76.6392 	EXP 	Device response: <KeyPress from None: t=76.63442229991779, value=up, duration=None>
76.6394 	EXP 	New trial (rep=43, index=0): <Trial 43 (0 in rep 43) data={'thisN': 43, 'thisTrialN': 0, 'thisRepN': 43}>
76.6402 	DATA 	Keypress: up
76.6509 	EXP 	fixation: autoDraw = False
76.6509 	EXP 	grating: autoDraw = False
76.6509 	EXP 	grating: ori = np.float64(0.0)
76.6509 	EXP 	fixation: autoDraw = True
76.7896 	EXP 	Device response: <KeyPress from None: t=76.63442229991779, value=up, duration=0.1542203000281006>
77.6517 	INFO 	Keyboard events cleared
77.6516 	EXP 	grating: autoDraw = True
77.6679 	EXP 	fixation: autoDraw = False
77.9513 	EXP 	grating: autoDraw = False
78.2736 	EXP 	Device response: <KeyPress from None: t=78.2657576999627, value=up, duration=None>
78.2739 	EXP 	New trial (rep=44, index=0): <Trial 44 (0 in rep 44) data={'thisN': 44, 'thisTrialN': 0, 'thisRepN': 44}>
78.2750 	DATA 	Keypress: up
78.2847 	EXP 	fixation: autoDraw = False
78.2847 	EXP 	grating: autoDraw = False
78.2847 	EXP 	grating: ori = np.float64(0.0)
78.2847 	EXP 	fixation: autoDraw = True
78.4065 	EXP 	Device response: <KeyPress from None: t=78.2657576999627, value=up, duration=0.13821709994226694>
79.2847 	INFO 	Keyboard events cleared
79.2845 	EXP 	fixation: autoDraw = False
79.2845 	EXP 	grating: autoDraw = True
79.5844 	EXP 	grating: autoDraw = False
80.0838 	EXP 	Device response: <KeyPress from None: t=80.08203089982271, value=up, duration=None>
80.0839 	EXP 	New trial (rep=45, index=0): <Trial 45 (0 in rep 45) data={'thisN': 45, 'thisTrialN': 0, 'thisRepN': 45}>
80.0844 	DATA 	Keypress: up
80.0995 	EXP 	fixation: autoDraw = False
80.0995 	EXP 	grating: autoDraw = False
80.0995 	EXP 	grating: ori = np.float64(0.0)
80.0995 	EXP 	fixation: autoDraw = True
80.2544 	EXP 	Device response: <KeyPress from None: t=80.08203089982271, value=up, duration=0.1599614000879228>
81.0990 	INFO 	Keyboard events cleared
81.0989 	EXP 	fixation: autoDraw = False
81.0989 	EXP 	grating: autoDraw = True
81.4014 	EXP 	grating: autoDraw = False
81.7048 	EXP 	Device response: <KeyPress from None: t=81.70074159977958, value=up, duration=None>
81.7050 	EXP 	New trial (rep=46, index=0): <Trial 46 (0 in rep 46) data={'thisN': 46, 'thisTrialN': 0, 'thisRepN': 46}>
81.7059 	DATA 	Keypress: up
81.7169 	EXP 	fixation: autoDraw = False
81.7169 	EXP 	grating: autoDraw = False
81.7169 	EXP 	grating: ori = np.float64(4.0)
81.7169 	EXP 	fixation: autoDraw = True
81.8241 	EXP 	Device response: <KeyPress from None: t=81.70074159977958, value=up, duration=0.119120400166139>
82.7171 	INFO 	Keyboard events cleared
82.7169 	EXP 	fixation: autoDraw = False
82.7169 	EXP 	grating: autoDraw = True
83.0180 	EXP 	grating: autoDraw = False
83.3717 	EXP 	Device response: <KeyPress from None: t=83.36109319981188, value=down, duration=None>
83.3720 	EXP 	New trial (rep=47, index=0): <Trial 47 (0 in rep 47) data={'thisN': 47, 'thisTrialN': 0, 'thisRepN': 47}>
83.3730 	DATA 	Keypress: down
83.3838 	EXP 	fixation: autoDraw = False
83.3838 	EXP 	grating: autoDraw = False
83.3838 	EXP 	grating: ori = np.float64(1.0)
83.3838 	EXP 	fixation: autoDraw = True
83.5076 	EXP 	Device response: <KeyPress from None: t=83.36109319981188, value=down, duration=0.1404534000903368>
84.3843 	INFO 	Keyboard events cleared
84.3841 	EXP 	fixation: autoDraw = False
84.3841 	EXP 	grating: autoDraw = True
84.6842 	EXP 	grating: autoDraw = False
85.2905 	EXP 	Device response: <KeyPress from None: t=85.28572219982743, value=up, duration=None>
85.2908 	EXP 	New trial (rep=48, index=0): <Trial 48 (0 in rep 48) data={'thisN': 48, 'thisTrialN': 0, 'thisRepN': 48}>
85.2920 	DATA 	Keypress: up
85.3003 	EXP 	fixation: autoDraw = False
85.3003 	EXP 	grating: autoDraw = False
85.3003 	EXP 	grating: ori = np.float64(0.0)
85.3003 	EXP 	fixation: autoDraw = True
85.4393 	EXP 	Device response: <KeyPress from None: t=85.28572219982743, value=up, duration=0.1503088001627475>
86.3011 	INFO 	Keyboard events cleared
86.3009 	EXP 	fixation: autoDraw = False
86.3009 	EXP 	grating: autoDraw = True
86.6013 	EXP 	grating: autoDraw = False
86.8882 	EXP 	Device response: <KeyPress from None: t=86.87612419994548, value=up, duration=None>
86.8885 	EXP 	New trial (rep=49, index=0): <Trial 49 (0 in rep 49) data={'thisN': 49, 'thisTrialN': 0, 'thisRepN': 49}>
86.8895 	DATA 	Keypress: up
86.9006 	EXP 	fixation: autoDraw = False
86.9006 	EXP 	grating: autoDraw = False
86.9006 	EXP 	grating: ori = np.float64(0.0)
86.9006 	EXP 	fixation: autoDraw = True
87.0386 	EXP 	Device response: <KeyPress from None: t=86.87612419994548, value=up, duration=0.15973219997249544>
87.9019 	INFO 	Keyboard events cleared
87.9017 	EXP 	fixation: autoDraw = False
87.9017 	EXP 	grating: autoDraw = True
88.2169 	EXP 	grating: autoDraw = False
88.4893 	EXP 	Device response: <KeyPress from None: t=88.4854553998448, value=down, duration=None>
88.4896 	EXP 	New trial (rep=50, index=0): <Trial 50 (0 in rep 50) data={'thisN': 50, 'thisTrialN': 0, 'thisRepN': 50}>
88.4907 	DATA 	Keypress: down
88.5001 	EXP 	fixation: autoDraw = False
88.5001 	EXP 	grating: autoDraw = False
88.5001 	EXP 	grating: ori = np.float64(2.0)
88.5001 	EXP 	fixation: autoDraw = True
88.6208 	EXP 	Device response: <KeyPress from None: t=88.4854553998448, value=down, duration=0.12575410003773868>
89.5012 	INFO 	Keyboard events cleared
89.5010 	EXP 	fixation: autoDraw = False
89.5010 	EXP 	grating: autoDraw = True
89.8012 	EXP 	grating: autoDraw = False
90.1079 	EXP 	Device response: <KeyPress from None: t=90.10255529987626, value=down, duration=None>
90.1082 	EXP 	New trial (rep=51, index=0): <Trial 51 (0 in rep 51) data={'thisN': 51, 'thisTrialN': 0, 'thisRepN': 51}>
90.1091 	DATA 	Keypress: down
90.1170 	EXP 	fixation: autoDraw = False
90.1170 	EXP 	grating: autoDraw = False
90.1170 	EXP 	grating: ori = np.float64(0.0)
90.1170 	EXP 	fixation: autoDraw = True
90.2721 	EXP 	Device response: <KeyPress from None: t=90.10255529987626, value=down, duration=0.1568797999061644>
91.1165 	INFO 	Keyboard events cleared
91.1164 	EXP 	fixation: autoDraw = False
91.1164 	EXP 	grating: autoDraw = True
91.4168 	EXP 	grating: autoDraw = False
91.7041 	EXP 	Device response: <KeyPress from None: t=91.6907637999393, value=down, duration=None>
91.7043 	EXP 	New trial (rep=52, index=0): <Trial 52 (0 in rep 52) data={'thisN': 52, 'thisTrialN': 0, 'thisRepN': 52}>
91.7052 	DATA 	Keypress: down
91.7169 	EXP 	fixation: autoDraw = False
91.7169 	EXP 	grating: autoDraw = False
91.7169 	EXP 	grating: ori = np.float64(3.0)
91.7169 	EXP 	fixation: autoDraw = True
91.8724 	EXP 	Device response: <KeyPress from None: t=91.6907637999393, value=down, duration=0.17928109993226826>
92.7167 	INFO 	Keyboard events cleared
92.7165 	EXP 	fixation: autoDraw = False
92.7165 	EXP 	grating: autoDraw = True
93.0167 	EXP 	grating: autoDraw = False
93.3892 	EXP 	Device response: <KeyPress from None: t=93.38716029981151, value=down, duration=None>
93.3895 	EXP 	New trial (rep=53, index=0): <Trial 53 (0 in rep 53) data={'thisN': 53, 'thisTrialN': 0, 'thisRepN': 53}>
93.3907 	DATA 	Keypress: down
93.4003 	EXP 	fixation: autoDraw = False
93.4003 	EXP 	grating: autoDraw = False
93.4003 	EXP 	grating: ori = np.float64(3.0)
93.4003 	EXP 	fixation: autoDraw = True
93.5578 	EXP 	Device response: <KeyPress from None: t=93.38716029981151, value=down, duration=0.1627245000563562>
94.4009 	INFO 	Keyboard events cleared
94.4007 	EXP 	fixation: autoDraw = False
94.4007 	EXP 	grating: autoDraw = True
94.7005 	EXP 	grating: autoDraw = False
95.0394 	EXP 	Device response: <KeyPress from None: t=95.0370792998001, value=down, duration=None>
95.0397 	EXP 	New trial (rep=54, index=0): <Trial 54 (0 in rep 54) data={'thisN': 54, 'thisTrialN': 0, 'thisRepN': 54}>
95.0408 	DATA 	Keypress: down
95.0505 	EXP 	fixation: autoDraw = False
95.0505 	EXP 	grating: autoDraw = False
95.0505 	EXP 	grating: ori = np.float64(1.0)
95.0505 	EXP 	fixation: autoDraw = True
95.2214 	EXP 	Device response: <KeyPress from None: t=95.0370792998001, value=down, duration=0.1721852000337094>
96.0516 	INFO 	Keyboard events cleared
96.0515 	EXP 	fixation: autoDraw = False
96.0515 	EXP 	grating: autoDraw = True
96.3498 	EXP 	grating: autoDraw = False
96.8727 	EXP 	Device response: <KeyPress from None: t=96.867588999914, value=up, duration=None>
96.8730 	EXP 	New trial (rep=55, index=0): <Trial 55 (0 in rep 55) data={'thisN': 55, 'thisTrialN': 0, 'thisRepN': 55}>
96.8740 	DATA 	Keypress: up
96.8834 	EXP 	fixation: autoDraw = False
96.8834 	EXP 	grating: autoDraw = False
96.8834 	EXP 	grating: ori = np.float64(0.0)
96.8834 	EXP 	fixation: autoDraw = True
97.0046 	EXP 	Device response: <KeyPress from None: t=96.867588999914, value=up, duration=0.12227239995263517>
97.8841 	INFO 	Keyboard events cleared
97.8839 	EXP 	fixation: autoDraw = False
97.8839 	EXP 	grating: autoDraw = True
98.1839 	EXP 	grating: autoDraw = False
98.6224 	EXP 	Device response: <KeyPress from None: t=98.62017399980687, value=up, duration=None>
98.6228 	EXP 	New trial (rep=56, index=0): <Trial 56 (0 in rep 56) data={'thisN': 56, 'thisTrialN': 0, 'thisRepN': 56}>
98.6239 	DATA 	Keypress: up
98.6343 	EXP 	fixation: autoDraw = False
98.6343 	EXP 	grating: autoDraw = False
98.6343 	EXP 	grating: ori = np.float64(-5.0)
98.6343 	EXP 	fixation: autoDraw = True
98.7740 	EXP 	Device response: <KeyPress from None: t=98.62017399980687, value=up, duration=0.1353835000190884>
99.6342 	INFO 	Keyboard events cleared
99.6340 	EXP 	fixation: autoDraw = False
99.6340 	EXP 	grating: autoDraw = True
99.9511 	EXP 	grating: autoDraw = False
100.2904 	EXP 	Device response: <KeyPress from None: t=100.28461049986072, value=down, duration=None>
100.2908 	EXP 	New trial (rep=57, index=0): <Trial 57 (0 in rep 57) data={'thisN': 57, 'thisTrialN': 0, 'thisRepN': 57}>
100.2919 	DATA 	Keypress: down
100.3002 	EXP 	fixation: autoDraw = False
100.3002 	EXP 	grating: autoDraw = False
100.3002 	EXP 	grating: ori = np.float64(-4.0)
100.3002 	EXP 	fixation: autoDraw = True
100.4383 	EXP 	Device response: <KeyPress from None: t=100.28461049986072, value=down, duration=0.14454369992017746>
101.3002 	INFO 	Keyboard events cleared
101.3000 	EXP 	fixation: autoDraw = False
101.3000 	EXP 	grating: autoDraw = True
101.6004 	EXP 	grating: autoDraw = False
102.2715 	EXP 	Device response: <KeyPress from None: t=102.25891169998795, value=down, duration=None>
102.2719 	EXP 	New trial (rep=58, index=0): <Trial 58 (0 in rep 58) data={'thisN': 58, 'thisTrialN': 0, 'thisRepN': 58}>
102.2732 	DATA 	Keypress: down
102.2841 	EXP 	fixation: autoDraw = False
102.2841 	EXP 	grating: autoDraw = False
102.2841 	EXP 	grating: ori = np.float64(0.0)
102.2841 	EXP 	fixation: autoDraw = True
102.4217 	EXP 	Device response: <KeyPress from None: t=102.25891169998795, value=down, duration=0.14927819999866188>
103.2842 	INFO 	Keyboard events cleared
103.2840 	EXP 	fixation: autoDraw = False
103.2840 	EXP 	grating: autoDraw = True
103.5830 	EXP 	grating: autoDraw = False
103.8886 	EXP 	Device response: <KeyPress from None: t=103.88647769996896, value=up, duration=None>
103.8889 	EXP 	New trial (rep=59, index=0): <Trial 59 (0 in rep 59) data={'thisN': 59, 'thisTrialN': 0, 'thisRepN': 59}>
103.8899 	DATA 	Keypress: up
103.8998 	EXP 	fixation: autoDraw = False
103.8998 	EXP 	grating: autoDraw = False
103.8998 	EXP 	grating: ori = np.float64(0.0)
103.8998 	EXP 	fixation: autoDraw = True
104.0704 	EXP 	Device response: <KeyPress from None: t=103.88647769996896, value=up, duration=0.17578920000232756>
104.8991 	INFO 	Keyboard events cleared
104.8989 	EXP 	fixation: autoDraw = False
104.8989 	EXP 	grating: autoDraw = True
105.1998 	EXP 	grating: autoDraw = False
105.7560 	DATA 	Keypress: up
105.7726 	EXP 	Device response: <KeyPress from None: t=105.75506209977902, value=up, duration=None>
105.7730 	EXP 	New trial (rep=60, index=0): <Trial 60 (0 in rep 60) data={'thisN': 60, 'thisTrialN': 0, 'thisRepN': 60}>
105.7844 	EXP 	fixation: autoDraw = False
105.7844 	EXP 	grating: autoDraw = False
105.7844 	EXP 	grating: ori = np.float64(1.0)
105.7844 	EXP 	fixation: autoDraw = True
105.8875 	EXP 	Device response: <KeyPress from None: t=105.75506209977902, value=up, duration=0.1201055001001805>
106.7831 	INFO 	Keyboard events cleared
106.7830 	EXP 	fixation: autoDraw = False
106.7830 	EXP 	grating: autoDraw = True
107.0828 	EXP 	grating: autoDraw = False
107.8219 	EXP 	Device response: <KeyPress from None: t=107.81599679985084, value=down, duration=None>
107.8222 	EXP 	New trial (rep=61, index=0): <Trial 61 (0 in rep 61) data={'thisN': 61, 'thisTrialN': 0, 'thisRepN': 61}>
107.8231 	DATA 	Keypress: down
107.8334 	EXP 	fixation: autoDraw = False
107.8334 	EXP 	grating: autoDraw = False
107.8334 	EXP 	grating: ori = np.float64(2.0)
107.8334 	EXP 	fixation: autoDraw = True
107.9371 	EXP 	Device response: <KeyPress from None: t=107.81599679985084, value=down, duration=0.11191680002957582>
108.8337 	INFO 	Keyboard events cleared
108.8336 	EXP 	fixation: autoDraw = False
108.8336 	EXP 	grating: autoDraw = True
109.1334 	EXP 	grating: autoDraw = False
109.4711 	EXP 	Device response: <KeyPress from None: t=109.46403899998404, value=down, duration=None>
109.4713 	EXP 	New trial (rep=62, index=0): <Trial 62 (0 in rep 62) data={'thisN': 62, 'thisTrialN': 0, 'thisRepN': 62}>
109.4724 	DATA 	Keypress: down
109.4828 	EXP 	fixation: autoDraw = False
109.4828 	EXP 	grating: autoDraw = False
109.4828 	EXP 	grating: ori = np.float64(0.0)
109.4828 	EXP 	fixation: autoDraw = True
109.6357 	EXP 	Device response: <KeyPress from None: t=109.46403899998404, value=down, duration=0.1639641998335719>
110.4841 	INFO 	Keyboard events cleared
110.4839 	EXP 	fixation: autoDraw = False
110.4839 	EXP 	grating: autoDraw = True
110.7826 	EXP 	grating: autoDraw = False
111.2378 	EXP 	Device response: <KeyPress from None: t=111.23049569991417, value=up, duration=None>
111.2381 	EXP 	New trial (rep=63, index=0): <Trial 63 (0 in rep 63) data={'thisN': 63, 'thisTrialN': 0, 'thisRepN': 63}>
111.2391 	DATA 	Keypress: up
111.2495 	EXP 	fixation: autoDraw = False
111.2495 	EXP 	grating: autoDraw = False
111.2495 	EXP 	grating: ori = np.float64(0.0)
111.2495 	EXP 	fixation: autoDraw = True
111.3668 	EXP 	Device response: <KeyPress from None: t=111.23049569991417, value=up, duration=0.13092999998480082>
112.2496 	INFO 	Keyboard events cleared
112.2494 	EXP 	fixation: autoDraw = False
112.2494 	EXP 	grating: autoDraw = True
112.5498 	EXP 	grating: autoDraw = False
113.6056 	EXP 	Device response: <KeyPress from None: t=113.59845659998246, value=up, duration=None>
113.6061 	EXP 	New trial (rep=64, index=0): <Trial 64 (0 in rep 64) data={'thisN': 64, 'thisTrialN': 0, 'thisRepN': 64}>
113.6071 	DATA 	Keypress: up
113.6162 	EXP 	fixation: autoDraw = False
113.6162 	EXP 	grating: autoDraw = False
113.6162 	EXP 	grating: ori = np.float64(-5.0)
113.6162 	EXP 	fixation: autoDraw = True
113.7716 	EXP 	Device response: <KeyPress from None: t=113.59845659998246, value=up, duration=0.1569185999687761>
114.6166 	INFO 	Keyboard events cleared
114.6165 	EXP 	fixation: autoDraw = False
114.6165 	EXP 	grating: autoDraw = True
114.9166 	EXP 	grating: autoDraw = False
115.3233 	EXP 	Device response: <KeyPress from None: t=115.31843649991788, value=down, duration=None>
115.3236 	EXP 	New trial (rep=65, index=0): <Trial 65 (0 in rep 65) data={'thisN': 65, 'thisTrialN': 0, 'thisRepN': 65}>
115.3246 	DATA 	Keypress: down
115.3324 	EXP 	fixation: autoDraw = False
115.3324 	EXP 	grating: autoDraw = False
115.3324 	EXP 	grating: ori = np.float64(0.0)
115.3324 	EXP 	fixation: autoDraw = True
115.4523 	EXP 	Device response: <KeyPress from None: t=115.31843649991788, value=down, duration=0.12091340008191764>
116.3333 	INFO 	Keyboard events cleared
116.3331 	EXP 	fixation: autoDraw = False
116.3331 	EXP 	grating: autoDraw = True
116.6330 	EXP 	grating: autoDraw = False
117.3223 	EXP 	Device response: <KeyPress from None: t=117.31621939991601, value=up, duration=None>
117.3225 	EXP 	New trial (rep=66, index=0): <Trial 66 (0 in rep 66) data={'thisN': 66, 'thisTrialN': 0, 'thisRepN': 66}>
117.3235 	DATA 	Keypress: up
117.3327 	EXP 	fixation: autoDraw = False
117.3327 	EXP 	grating: autoDraw = False
117.3327 	EXP 	grating: ori = np.float64(0.0)
117.3327 	EXP 	fixation: autoDraw = True
117.4535 	EXP 	Device response: <KeyPress from None: t=117.31621939991601, value=up, duration=0.13502379995770752>
118.3333 	INFO 	Keyboard events cleared
118.3331 	EXP 	fixation: autoDraw = False
118.3331 	EXP 	grating: autoDraw = True
118.6327 	EXP 	grating: autoDraw = False
118.8715 	EXP 	Device response: <KeyPress from None: t=118.86736189993098, value=up, duration=None>
118.8718 	EXP 	New trial (rep=67, index=0): <Trial 67 (0 in rep 67) data={'thisN': 67, 'thisTrialN': 0, 'thisRepN': 67}>
118.8726 	DATA 	Keypress: up
118.8825 	EXP 	fixation: autoDraw = False
118.8825 	EXP 	grating: autoDraw = False
118.8825 	EXP 	grating: ori = np.float64(0.0)
118.8825 	EXP 	fixation: autoDraw = True
118.9723 	EXP 	Device response: <KeyPress from None: t=118.86736189993098, value=up, duration=0.10254970006644726>
119.8839 	INFO 	Keyboard events cleared
119.8837 	EXP 	fixation: autoDraw = False
119.8837 	EXP 	grating: autoDraw = True
120.1994 	EXP 	grating: autoDraw = False
120.4369 	EXP 	Device response: <KeyPress from None: t=120.42250029998831, value=up, duration=None>
120.4372 	EXP 	New trial (rep=68, index=0): <Trial 68 (0 in rep 68) data={'thisN': 68, 'thisTrialN': 0, 'thisRepN': 68}>
120.4381 	DATA 	Keypress: up
120.4490 	EXP 	fixation: autoDraw = False
120.4490 	EXP 	grating: autoDraw = False
120.4490 	EXP 	grating: ori = np.float64(0.0)
120.4490 	EXP 	fixation: autoDraw = True
120.6179 	EXP 	Device response: <KeyPress from None: t=120.42250029998831, value=up, duration=0.19177259993739426>
121.4505 	INFO 	Keyboard events cleared
121.4503 	EXP 	fixation: autoDraw = False
121.4503 	EXP 	grating: autoDraw = True
121.7500 	EXP 	grating: autoDraw = False
121.9376 	EXP 	Device response: <KeyPress from None: t=121.93646479980089, value=up, duration=None>
121.9379 	EXP 	New trial (rep=69, index=0): <Trial 69 (0 in rep 69) data={'thisN': 69, 'thisTrialN': 0, 'thisRepN': 69}>
121.9388 	DATA 	Keypress: up
121.9496 	EXP 	fixation: autoDraw = False
121.9496 	EXP 	grating: autoDraw = False
121.9496 	EXP 	grating: ori = np.float64(0.0)
121.9496 	EXP 	fixation: autoDraw = True
122.1192 	EXP 	Device response: <KeyPress from None: t=121.93646479980089, value=up, duration=0.16827200003899634>
122.9505 	INFO 	Keyboard events cleared
122.9503 	EXP 	fixation: autoDraw = False
122.9503 	EXP 	grating: autoDraw = True
123.2658 	EXP 	grating: autoDraw = False
123.7697 	EXP 	Device response: <KeyPress from None: t=123.76353299990296, value=up, duration=None>
123.7699 	EXP 	New trial (rep=70, index=0): <Trial 70 (0 in rep 70) data={'thisN': 70, 'thisTrialN': 0, 'thisRepN': 70}>
123.7706 	DATA 	Keypress: up
123.7825 	EXP 	fixation: autoDraw = False
123.7825 	EXP 	grating: autoDraw = False
123.7825 	EXP 	grating: ori = np.float64(-3.0)
123.7825 	EXP 	fixation: autoDraw = True
123.9544 	EXP 	Device response: <KeyPress from None: t=123.76353299990296, value=up, duration=0.1858719999436289>
124.7829 	INFO 	Keyboard events cleared
124.7827 	EXP 	fixation: autoDraw = False
124.7827 	EXP 	grating: autoDraw = True
125.0835 	EXP 	grating: autoDraw = False
125.5011 	EXP 	Device response: <KeyPress from None: t=125.49362869979814, value=down, duration=None>
125.5013 	EXP 	New trial (rep=71, index=0): <Trial 71 (0 in rep 71) data={'thisN': 71, 'thisTrialN': 0, 'thisRepN': 71}>
125.5020 	DATA 	Keypress: down
125.5155 	EXP 	fixation: autoDraw = False
125.5155 	EXP 	grating: autoDraw = False
125.5155 	EXP 	grating: ori = np.float64(-4.0)
125.5155 	EXP 	fixation: autoDraw = True
125.6389 	EXP 	Device response: <KeyPress from None: t=125.49362869979814, value=down, duration=0.14357890002429485>
126.5160 	INFO 	Keyboard events cleared
126.5158 	EXP 	fixation: autoDraw = False
126.5158 	EXP 	grating: autoDraw = True
126.8164 	EXP 	grating: autoDraw = False
127.0528 	EXP 	Device response: <KeyPress from None: t=127.04558869986795, value=down, duration=None>
127.0531 	EXP 	New trial (rep=72, index=0): <Trial 72 (0 in rep 72) data={'thisN': 72, 'thisTrialN': 0, 'thisRepN': 72}>
127.0539 	DATA 	Keypress: down
127.0663 	EXP 	fixation: autoDraw = False
127.0663 	EXP 	grating: autoDraw = False
127.0663 	EXP 	grating: ori = np.float64(-4.0)
127.0663 	EXP 	fixation: autoDraw = True
127.2040 	EXP 	Device response: <KeyPress from None: t=127.04558869986795, value=down, duration=0.14561840007081628>
128.0662 	INFO 	Keyboard events cleared
128.0661 	EXP 	fixation: autoDraw = False
128.0661 	EXP 	grating: autoDraw = True
128.3662 	EXP 	grating: autoDraw = False
128.5515 	EXP 	Device response: <KeyPress from None: t=128.54730769991875, value=down, duration=None>
128.5516 	EXP 	New trial (rep=73, index=0): <Trial 73 (0 in rep 73) data={'thisN': 73, 'thisTrialN': 0, 'thisRepN': 73}>
128.5522 	DATA 	Keypress: down
128.5647 	EXP 	fixation: autoDraw = False
128.5647 	EXP 	grating: autoDraw = False
128.5647 	EXP 	grating: ori = np.float64(0.0)
128.5647 	EXP 	fixation: autoDraw = True
128.7209 	EXP 	Device response: <KeyPress from None: t=128.54730769991875, value=down, duration=0.15520359994843602>
129.5652 	INFO 	Keyboard events cleared
129.5651 	EXP 	fixation: autoDraw = False
129.5651 	EXP 	grating: autoDraw = True
129.8663 	EXP 	grating: autoDraw = False
129.9880 	EXP 	Device response: <KeyPress from None: t=129.98225889983587, value=down, duration=None>
129.9882 	EXP 	New trial (rep=74, index=0): <Trial 74 (0 in rep 74) data={'thisN': 74, 'thisTrialN': 0, 'thisRepN': 74}>
129.9892 	DATA 	Keypress: down
129.9995 	EXP 	fixation: autoDraw = False
129.9995 	EXP 	grating: autoDraw = False
129.9995 	EXP 	grating: ori = np.float64(2.0)
129.9995 	EXP 	fixation: autoDraw = True
130.1537 	EXP 	Device response: <KeyPress from None: t=129.98225889983587, value=down, duration=0.16434110002592206>
131.0000 	INFO 	Keyboard events cleared
130.9998 	EXP 	fixation: autoDraw = False
130.9998 	EXP 	grating: autoDraw = True
131.2997 	EXP 	grating: autoDraw = False
131.3722 	DATA 	Keypress: down
131.3868 	EXP 	Device response: <KeyPress from None: t=131.371788199991, value=down, duration=None>
131.3871 	EXP 	New trial (rep=75, index=0): <Trial 75 (0 in rep 75) data={'thisN': 75, 'thisTrialN': 0, 'thisRepN': 75}>
131.4002 	EXP 	fixation: autoDraw = False
131.4002 	EXP 	grating: autoDraw = False
131.4002 	EXP 	grating: ori = np.float64(-3.0)
131.4002 	EXP 	fixation: autoDraw = True
131.5043 	EXP 	Device response: <KeyPress from None: t=131.371788199991, value=down, duration=0.12679589982144535>
132.3998 	INFO 	Keyboard events cleared
132.3997 	EXP 	fixation: autoDraw = False
132.3997 	EXP 	grating: autoDraw = True
132.6989 	EXP 	grating: autoDraw = False
133.1515 	EXP 	Device response: <KeyPress from None: t=133.1399154998362, value=up, duration=None>
133.1517 	EXP 	New trial (rep=76, index=0): <Trial 76 (0 in rep 76) data={'thisN': 76, 'thisTrialN': 0, 'thisRepN': 76}>
133.1524 	DATA 	Keypress: up
133.1659 	EXP 	fixation: autoDraw = False
133.1659 	EXP 	grating: autoDraw = False
133.1659 	EXP 	grating: ori = np.float64(1.0)
133.1659 	EXP 	fixation: autoDraw = True
133.2518 	EXP 	Device response: <KeyPress from None: t=133.1399154998362, value=up, duration=0.10394480009563267>
134.1661 	INFO 	Keyboard events cleared
134.1659 	EXP 	fixation: autoDraw = False
134.1659 	EXP 	grating: autoDraw = True
134.4665 	EXP 	grating: autoDraw = False
134.7362 	EXP 	Device response: <KeyPress from None: t=134.72011279989965, value=down, duration=None>
134.7365 	EXP 	New trial (rep=77, index=0): <Trial 77 (0 in rep 77) data={'thisN': 77, 'thisTrialN': 0, 'thisRepN': 77}>
134.7373 	DATA 	Keypress: down
134.7495 	EXP 	fixation: autoDraw = False
134.7495 	EXP 	grating: autoDraw = False
134.7495 	EXP 	grating: ori = np.float64(-2.0)
134.7495 	EXP 	fixation: autoDraw = True
134.8693 	EXP 	Device response: <KeyPress from None: t=134.72011279989965, value=down, duration=0.13666340010240674>
135.7481 	INFO 	Keyboard events cleared
135.7480 	EXP 	grating: autoDraw = True
135.7651 	EXP 	fixation: autoDraw = False
136.0489 	EXP 	grating: autoDraw = False
136.4375 	EXP 	Device response: <KeyPress from None: t=136.4252104999032, value=up, duration=None>
136.4378 	EXP 	New trial (rep=78, index=0): <Trial 78 (0 in rep 78) data={'thisN': 78, 'thisTrialN': 0, 'thisRepN': 78}>
136.4389 	DATA 	Keypress: up
136.4492 	EXP 	fixation: autoDraw = False
136.4492 	EXP 	grating: autoDraw = False
136.4492 	EXP 	grating: ori = np.float64(-4.0)
136.4492 	EXP 	fixation: autoDraw = True
136.5906 	EXP 	Device response: <KeyPress from None: t=136.4252104999032, value=up, duration=0.15684280009008944>
137.4485 	INFO 	Keyboard events cleared
137.4484 	EXP 	fixation: autoDraw = False
137.4484 	EXP 	grating: autoDraw = True
137.7504 	EXP 	grating: autoDraw = False
138.3710 	EXP 	Device response: <KeyPress from None: t=138.3650032998994, value=up, duration=None>
138.3712 	EXP 	New trial (rep=79, index=0): <Trial 79 (0 in rep 79) data={'thisN': 79, 'thisTrialN': 0, 'thisRepN': 79}>
138.3721 	DATA 	Keypress: up
138.3816 	EXP 	fixation: autoDraw = False
138.3816 	EXP 	grating: autoDraw = False
138.3816 	EXP 	grating: ori = np.float64(-5.0)
138.3816 	EXP 	fixation: autoDraw = True
138.5392 	EXP 	Device response: <KeyPress from None: t=138.3650032998994, value=up, duration=0.16875649988651276>
139.3821 	INFO 	Keyboard events cleared
139.3820 	EXP 	fixation: autoDraw = False
139.3820 	EXP 	grating: autoDraw = True
139.6822 	EXP 	grating: autoDraw = False
139.9352 	EXP 	Device response: <KeyPress from None: t=139.92828949983232, value=down, duration=None>
139.9354 	EXP 	New trial (rep=80, index=0): <Trial 80 (0 in rep 80) data={'thisN': 80, 'thisTrialN': 0, 'thisRepN': 80}>
139.9362 	DATA 	Keypress: down
139.9492 	EXP 	fixation: autoDraw = False
139.9492 	EXP 	grating: autoDraw = False
139.9492 	EXP 	grating: ori = np.float64(0.0)
139.9492 	EXP 	fixation: autoDraw = True
140.1037 	EXP 	Device response: <KeyPress from None: t=139.92828949983232, value=down, duration=0.16902220016345382>
140.9503 	INFO 	Keyboard events cleared
140.9501 	EXP 	fixation: autoDraw = False
140.9501 	EXP 	grating: autoDraw = True
141.2496 	EXP 	grating: autoDraw = False
141.3868 	EXP 	Device response: <KeyPress from None: t=141.37776639987715, value=up, duration=None>
141.3871 	EXP 	New trial (rep=81, index=0): <Trial 81 (0 in rep 81) data={'thisN': 81, 'thisTrialN': 0, 'thisRepN': 81}>
141.3881 	DATA 	Keypress: up
141.3992 	EXP 	fixation: autoDraw = False
141.3992 	EXP 	grating: autoDraw = False
141.3992 	EXP 	grating: ori = np.float64(0.0)
141.3992 	EXP 	fixation: autoDraw = True
141.5515 	EXP 	Device response: <KeyPress from None: t=141.37776639987715, value=up, duration=0.16463589994236827>
142.3999 	INFO 	Keyboard events cleared
142.3997 	EXP 	fixation: autoDraw = False
142.3997 	EXP 	grating: autoDraw = True
142.6992 	EXP 	grating: autoDraw = False
142.8492 	EXP 	Device response: <KeyPress from None: t=142.83772769989446, value=up, duration=None>
142.8494 	EXP 	New trial (rep=82, index=0): <Trial 82 (0 in rep 82) data={'thisN': 82, 'thisTrialN': 0, 'thisRepN': 82}>
142.8499 	DATA 	Keypress: up
142.8648 	EXP 	fixation: autoDraw = False
142.8648 	EXP 	grating: autoDraw = False
142.8648 	EXP 	grating: ori = np.float64(3.0)
142.8648 	EXP 	fixation: autoDraw = True
142.9873 	EXP 	Device response: <KeyPress from None: t=142.83772769989446, value=up, duration=0.14650669996626675>
143.8651 	INFO 	Keyboard events cleared
143.8649 	EXP 	fixation: autoDraw = False
143.8649 	EXP 	grating: autoDraw = True
144.1650 	EXP 	grating: autoDraw = False
144.4201 	EXP 	Device response: <KeyPress from None: t=144.41668299981393, value=up, duration=None>
144.4203 	EXP 	New trial (rep=83, index=0): <Trial 83 (0 in rep 83) data={'thisN': 83, 'thisTrialN': 0, 'thisRepN': 83}>
144.4213 	DATA 	Keypress: up
144.4319 	EXP 	fixation: autoDraw = False
144.4319 	EXP 	grating: autoDraw = False
144.4319 	EXP 	grating: ori = np.float64(0.0)
144.4319 	EXP 	fixation: autoDraw = True
144.5879 	EXP 	Device response: <KeyPress from None: t=144.41668299981393, value=up, duration=0.1586858001537621>
145.4328 	INFO 	Keyboard events cleared
145.4326 	EXP 	fixation: autoDraw = False
145.4326 	EXP 	grating: autoDraw = True
145.7317 	EXP 	grating: autoDraw = False
146.2540 	EXP 	Device response: <KeyPress from None: t=146.2522505999077, value=up, duration=None>
146.2543 	EXP 	New trial (rep=84, index=0): <Trial 84 (0 in rep 84) data={'thisN': 84, 'thisTrialN': 0, 'thisRepN': 84}>
146.2553 	DATA 	Keypress: up
146.2647 	EXP 	fixation: autoDraw = False
146.2647 	EXP 	grating: autoDraw = False
146.2647 	EXP 	grating: ori = np.float64(2.0)
146.2647 	EXP 	fixation: autoDraw = True
146.4245 	EXP 	Device response: <KeyPress from None: t=146.2522505999077, value=up, duration=0.16398379998281598>
147.2653 	INFO 	Keyboard events cleared
147.2652 	EXP 	fixation: autoDraw = False
147.2652 	EXP 	grating: autoDraw = True
147.5656 	EXP 	grating: autoDraw = False
148.0537 	EXP 	Device response: <KeyPress from None: t=148.03905149991624, value=down, duration=None>
148.0541 	EXP 	New trial (rep=85, index=0): <Trial 85 (0 in rep 85) data={'thisN': 85, 'thisTrialN': 0, 'thisRepN': 85}>
148.0552 	DATA 	Keypress: down
148.0658 	EXP 	fixation: autoDraw = False
148.0658 	EXP 	grating: autoDraw = False
148.0658 	EXP 	grating: ori = np.float64(0.0)
148.0658 	EXP 	fixation: autoDraw = True
148.1538 	EXP 	Device response: <KeyPress from None: t=148.03905149991624, value=down, duration=0.11386949988082051>
149.0654 	INFO 	Keyboard events cleared
149.0652 	EXP 	fixation: autoDraw = False
149.0652 	EXP 	grating: autoDraw = True
149.3657 	EXP 	grating: autoDraw = False
149.8372 	DATA 	Keypress: down
149.8543 	EXP 	Device response: <KeyPress from None: t=149.83650489989668, value=down, duration=None>
149.8547 	EXP 	New trial (rep=86, index=0): <Trial 86 (0 in rep 86) data={'thisN': 86, 'thisTrialN': 0, 'thisRepN': 86}>
149.8652 	EXP 	fixation: autoDraw = False
149.8652 	EXP 	grating: autoDraw = False
149.8652 	EXP 	grating: ori = np.float64(-2.0)
149.8652 	EXP 	fixation: autoDraw = True
150.0030 	EXP 	Device response: <KeyPress from None: t=149.83650489989668, value=down, duration=0.15509069990366697>
150.8654 	INFO 	Keyboard events cleared
150.8653 	EXP 	fixation: autoDraw = False
150.8653 	EXP 	grating: autoDraw = True
151.1816 	EXP 	grating: autoDraw = False
151.4042 	EXP 	Device response: <KeyPress from None: t=151.40062899980694, value=up, duration=None>
151.4046 	EXP 	New trial (rep=87, index=0): <Trial 87 (0 in rep 87) data={'thisN': 87, 'thisTrialN': 0, 'thisRepN': 87}>
151.4056 	DATA 	Keypress: up
151.4149 	EXP 	fixation: autoDraw = False
151.4149 	EXP 	grating: autoDraw = False
151.4149 	EXP 	grating: ori = np.float64(0.0)
151.4149 	EXP 	fixation: autoDraw = True
151.5701 	EXP 	Device response: <KeyPress from None: t=151.40062899980694, value=up, duration=0.154865600168705>
152.4159 	INFO 	Keyboard events cleared
152.4157 	EXP 	fixation: autoDraw = False
152.4157 	EXP 	grating: autoDraw = True
152.7159 	EXP 	grating: autoDraw = False
153.1198 	EXP 	Device response: <KeyPress from None: t=153.10771719994955, value=up, duration=None>
153.1201 	EXP 	New trial (rep=88, index=0): <Trial 88 (0 in rep 88) data={'thisN': 88, 'thisTrialN': 0, 'thisRepN': 88}>
153.1212 	DATA 	Keypress: up
153.1322 	EXP 	fixation: autoDraw = False
153.1322 	EXP 	grating: autoDraw = False
153.1322 	EXP 	grating: ori = np.float64(-5.0)
153.1322 	EXP 	fixation: autoDraw = True
153.2540 	EXP 	Device response: <KeyPress from None: t=153.10771719994955, value=up, duration=0.14331569988280535>
154.1324 	INFO 	Keyboard events cleared
154.1322 	EXP 	fixation: autoDraw = False
154.1322 	EXP 	grating: autoDraw = True
154.4326 	EXP 	grating: autoDraw = False
155.0051 	EXP 	Device response: <KeyPress from None: t=155.00293669989333, value=up, duration=None>
155.0054 	EXP 	New trial (rep=89, index=0): <Trial 89 (0 in rep 89) data={'thisN': 89, 'thisTrialN': 0, 'thisRepN': 89}>
155.0065 	DATA 	Keypress: up
155.0157 	EXP 	fixation: autoDraw = False
155.0157 	EXP 	grating: autoDraw = False
155.0157 	EXP 	grating: ori = np.float64(2.0)
155.0157 	EXP 	fixation: autoDraw = True
155.1543 	EXP 	Device response: <KeyPress from None: t=155.00293669989333, value=up, duration=0.14894740004092455>
156.0155 	INFO 	Keyboard events cleared
156.0153 	EXP 	fixation: autoDraw = False
156.0153 	EXP 	grating: autoDraw = True
156.3159 	EXP 	grating: autoDraw = False
156.8209 	EXP 	Device response: <KeyPress from None: t=156.8156281998381, value=down, duration=None>
156.8212 	EXP 	New trial (rep=90, index=0): <Trial 90 (0 in rep 90) data={'thisN': 90, 'thisTrialN': 0, 'thisRepN': 90}>
156.8223 	DATA 	Keypress: down
156.8329 	EXP 	fixation: autoDraw = False
156.8329 	EXP 	grating: autoDraw = False
156.8329 	EXP 	grating: ori = np.float64(0.0)
156.8329 	EXP 	fixation: autoDraw = True
156.9879 	EXP 	Device response: <KeyPress from None: t=156.8156281998381, value=down, duration=0.16494820010848343>
157.8329 	INFO 	Keyboard events cleared
157.8327 	EXP 	fixation: autoDraw = False
157.8327 	EXP 	grating: autoDraw = True
158.1315 	EXP 	grating: autoDraw = False
158.6225 	EXP 	Device response: <KeyPress from None: t=158.61719839996658, value=up, duration=None>
158.6227 	EXP 	New trial (rep=91, index=0): <Trial 91 (0 in rep 91) data={'thisN': 91, 'thisTrialN': 0, 'thisRepN': 91}>
158.6238 	DATA 	Keypress: up
158.6318 	EXP 	fixation: autoDraw = False
158.6318 	EXP 	grating: autoDraw = False
158.6318 	EXP 	grating: ori = np.float64(3.0)
158.6318 	EXP 	fixation: autoDraw = True
158.8053 	EXP 	Device response: <KeyPress from None: t=158.61719839996658, value=up, duration=0.182091899914667>
159.6323 	INFO 	Keyboard events cleared
159.6321 	EXP 	fixation: autoDraw = False
159.6321 	EXP 	grating: autoDraw = True
159.9309 	EXP 	grating: autoDraw = False
160.4519 	EXP 	Device response: <KeyPress from None: t=160.4418948998209, value=up, duration=None>
160.4522 	EXP 	New trial (rep=92, index=0): <Trial 92 (0 in rep 92) data={'thisN': 92, 'thisTrialN': 0, 'thisRepN': 92}>
160.4531 	DATA 	Keypress: up
160.4652 	EXP 	fixation: autoDraw = False
160.4652 	EXP 	grating: autoDraw = False
160.4652 	EXP 	grating: ori = np.float64(0.0)
160.4652 	EXP 	fixation: autoDraw = True
160.6379 	EXP 	Device response: <KeyPress from None: t=160.4418948998209, value=up, duration=0.188271600054577>
161.4653 	INFO 	Keyboard events cleared
161.4651 	EXP 	fixation: autoDraw = False
161.4651 	EXP 	grating: autoDraw = True
161.7669 	EXP 	grating: autoDraw = False
162.4049 	DATA 	Keypress: up
162.4201 	EXP 	Device response: <KeyPress from None: t=162.40438779979013, value=up, duration=None>
162.4204 	EXP 	New trial (rep=93, index=0): <Trial 93 (0 in rep 93) data={'thisN': 93, 'thisTrialN': 0, 'thisRepN': 93}>
162.4317 	EXP 	fixation: autoDraw = False
162.4317 	EXP 	grating: autoDraw = False
162.4317 	EXP 	grating: ori = np.float64(-5.0)
162.4317 	EXP 	fixation: autoDraw = True
162.5884 	EXP 	Device response: <KeyPress from None: t=162.40438779979013, value=up, duration=0.18209250015206635>
163.4323 	INFO 	Keyboard events cleared
163.4320 	EXP 	fixation: autoDraw = False
163.4320 	EXP 	grating: autoDraw = True
163.7326 	EXP 	grating: autoDraw = False
164.5191 	EXP 	Device response: <KeyPress from None: t=164.51252159988508, value=up, duration=None>
164.5193 	EXP 	New trial (rep=94, index=0): <Trial 94 (0 in rep 94) data={'thisN': 94, 'thisTrialN': 0, 'thisRepN': 94}>
164.5203 	DATA 	Keypress: up
164.5318 	EXP 	fixation: autoDraw = False
164.5318 	EXP 	grating: autoDraw = False
164.5318 	EXP 	grating: ori = np.float64(1.0)
164.5318 	EXP 	fixation: autoDraw = True
164.6873 	EXP 	Device response: <KeyPress from None: t=164.51252159988508, value=up, duration=0.16565590002574027>
165.5321 	INFO 	Keyboard events cleared
165.5319 	EXP 	fixation: autoDraw = False
165.5319 	EXP 	grating: autoDraw = True
165.8325 	EXP 	grating: autoDraw = False
166.1863 	EXP 	Device response: <KeyPress from None: t=166.18262269999832, value=down, duration=None>
166.1865 	EXP 	New trial (rep=95, index=0): <Trial 95 (0 in rep 95) data={'thisN': 95, 'thisTrialN': 0, 'thisRepN': 95}>
166.1874 	DATA 	Keypress: down
166.1979 	EXP 	fixation: autoDraw = False
166.1979 	EXP 	grating: autoDraw = False
166.1979 	EXP 	grating: ori = np.float64(0.0)
166.1979 	EXP 	fixation: autoDraw = True
166.3365 	EXP 	Device response: <KeyPress from None: t=166.18262269999832, value=down, duration=0.13861619983799756>
167.1982 	INFO 	Keyboard events cleared
167.1980 	EXP 	fixation: autoDraw = False
167.1980 	EXP 	grating: autoDraw = True
167.4979 	EXP 	grating: autoDraw = False
167.7867 	EXP 	Device response: <KeyPress from None: t=167.77753999992274, value=up, duration=None>
167.7870 	EXP 	New trial (rep=96, index=0): <Trial 96 (0 in rep 96) data={'thisN': 96, 'thisTrialN': 0, 'thisRepN': 96}>
167.7884 	DATA 	Keypress: up
167.7982 	EXP 	fixation: autoDraw = False
167.7982 	EXP 	grating: autoDraw = False
167.7982 	EXP 	grating: ori = np.float64(4.0)
167.7982 	EXP 	fixation: autoDraw = True
167.9688 	EXP 	Device response: <KeyPress from None: t=167.77753999992274, value=up, duration=0.18232679995708168>
168.7978 	INFO 	Keyboard events cleared
168.7977 	EXP 	fixation: autoDraw = False
168.7977 	EXP 	grating: autoDraw = True
169.0977 	EXP 	grating: autoDraw = False
169.3210 	EXP 	Device response: <KeyPress from None: t=169.31992869987153, value=down, duration=None>
169.3214 	EXP 	New trial (rep=97, index=0): <Trial 97 (0 in rep 97) data={'thisN': 97, 'thisTrialN': 0, 'thisRepN': 97}>
169.3226 	DATA 	Keypress: down
169.3312 	EXP 	fixation: autoDraw = False
169.3312 	EXP 	grating: autoDraw = False
169.3312 	EXP 	grating: ori = np.float64(0.0)
169.3312 	EXP 	fixation: autoDraw = True
169.5039 	EXP 	Device response: <KeyPress from None: t=169.31992869987153, value=down, duration=0.18147800001315773>
170.3321 	INFO 	Keyboard events cleared
170.3320 	EXP 	fixation: autoDraw = False
170.3320 	EXP 	grating: autoDraw = True
170.6324 	EXP 	grating: autoDraw = False
171.1198 	EXP 	Device response: <KeyPress from None: t=171.11789809982292, value=down, duration=None>
171.1201 	EXP 	New trial (rep=98, index=0): <Trial 98 (0 in rep 98) data={'thisN': 98, 'thisTrialN': 0, 'thisRepN': 98}>
171.1212 	DATA 	Keypress: down
171.1315 	EXP 	fixation: autoDraw = False
171.1315 	EXP 	grating: autoDraw = False
171.1315 	EXP 	grating: ori = np.float64(-2.0)
171.1315 	EXP 	fixation: autoDraw = True
171.3364 	EXP 	Device response: <KeyPress from None: t=171.11789809982292, value=down, duration=0.20380210014991462>
172.1317 	INFO 	Keyboard events cleared
172.1315 	EXP 	fixation: autoDraw = False
172.1315 	EXP 	grating: autoDraw = True
172.4313 	EXP 	grating: autoDraw = False
172.5369 	EXP 	Device response: <KeyPress from None: t=172.52150039980188, value=down, duration=None>
172.5373 	EXP 	New trial (rep=99, index=0): <Trial 99 (0 in rep 99) data={'thisN': 99, 'thisTrialN': 0, 'thisRepN': 99}>
172.5385 	DATA 	Keypress: down
172.5490 	EXP 	fixation: autoDraw = False
172.5490 	EXP 	grating: autoDraw = False
172.5490 	EXP 	grating: ori = np.float64(2.0)
172.5490 	EXP 	fixation: autoDraw = True
172.6703 	EXP 	Device response: <KeyPress from None: t=172.52150039980188, value=down, duration=0.14311190019361675>
173.5486 	INFO 	Keyboard events cleared
173.5484 	EXP 	fixation: autoDraw = False
173.5484 	EXP 	grating: autoDraw = True
173.8487 	EXP 	grating: autoDraw = False
173.9359 	EXP 	Device response: <KeyPress from None: t=173.93502099998295, value=up, duration=None>
173.9368 	DATA 	Keypress: up
173.9492 	EXP 	fixation: autoDraw = False
173.9492 	EXP 	grating: autoDraw = False
173.9542 	EXP 	signal detection_2: status = STOPPED
174.0263 	INFO 	saved data to 'C:\\Users\\anupg\\OneDrive\\Documents\\psychopy\\data\\pilot_signal detection_2_2026-09-27_23h40.33.634.csv'
174.0471 	INFO 	saved data to C:\Users\anupg\OneDrive\Documents\psychopy\data\pilot_signal detection_2_2026-09-27_23h40.33.634.psydat
174.4160 	DEBUG 	Saving data for signal detection_2 ExperimentHandler
174.4163 	INFO 	Stopping keyboard key buffers.
